"blank"			"=========================="
"blank"			"#Valve_Movement_Title"
"blank"			"=========================="
"+forward"				"#ASW_GameUI_MoveForward"
"+back"					"#ASW_GameUI_MoveBack"
"+moveleft"				"#ASW_GameUI_MoveLeft"
"+moveright"			"#ASW_GameUI_MoveRight"
"+jump"					"#ASW_GameUI_MoveRoll"
"+walk"					"#Valve_Walk"
"rotatecameraleft" "#rd_str_rotatecameraleft"
"rotatecameraright" "#rd_str_rotatecameraright"
"blank"			"=========================="
"blank"			"#Valve_Combat_Title"
"blank"			"=========================="
"+attack"				"#Valve_Primary_Attack"
"+attack2"				"#Valve_Secondary_Attack"
"+grenade1"				"#asw_activate_extra"
"+alt1"                 "#asw_melee_attack"
"ASW_InvLast"			"#asw_switch_primary_secondary"
"+reload"				"#Valve_Reload_Weapon"
"ASW_Drop"              "#asw_drop"
"ASW_DropExtra"         "#rd_str_drop_extra"
"+use"					"#asw_use"
"cl_select_loadout" "#rd_str_selectloadout"
"ASW_ActivatePrimary"   "#rd_bind_ActivatePrimary"
"ASW_ActivateSecondary" "#rd_bind_ActivateSecondary"
"blank"			"=========================="
"blank"			"#ASW_Alternates"
"blank"			"=========================="
"ASW_InvPrev"			"#asw_switch_primary_secondary"
"ASW_InvNext"			"#asw_switch_primary_secondary"
"ASW_SelectPrimary"		"#nb_select_weapon_one" // we could definitely use
"ASW_SelectSecondary"	"#nb_select_weapon_two" // better labels for these
"+secondary"			"#Valve_Secondary_Attack"
"asw_flashlight"        "#rd_flashlight_toggle"
"blank"			"=========================="
"blank"			"#Valve_Communication_Title"
"blank"			"=========================="
"+voicerecord"			"#Valve_Use_Voice_Communication"
"say"					"#Valve_Chat_Message"
"+mouse_menu"			"#asw_comms_menu"
"playerlist"			"#asw_playerlist"
"ingamebriefing"		"#asw_ingame_map"
"vote_yes"				"#asw_vote_yes_key"
"vote_no"				"#asw_vote_no_key"
"blank"			"=========================="
"blank"			"#ASW_Marines_Title"
"blank"			"=========================="
"asw_squad_hotbar 1"	"#asw_order_marine_2_equip"
"asw_squad_hotbar 2"	"#asw_order_marine_3_equip"
"asw_squad_hotbar 3"	"#asw_order_marine_4_equip"
"asw_squad_hotbar 4"	"#asw_order_marine_5_equip"
"asw_squad_hotbar 5"	"#asw_order_marine_6_equip"
"asw_squad_hotbar 6"	"#asw_order_marine_7_equip"
"asw_squad_hotbar 7"	"#asw_order_marine_8_equip"
"asw_orderMarinesHold"    "#asw_order_marines_hold"
"asw_OrderMarinesFollow"  "#asw_order_marines_follow"
"+holdorder"			"#asw_order_specific_marine"
"+selectmarine1"		"#asw_select_marine_1"
"+selectmarine2"		"#asw_select_marine_2"
"+selectmarine3"		"#asw_select_marine_3"
"+selectmarine4"		"#asw_select_marine_4"
"+selectmarine5"		"#asw_select_marine_5"
"+selectmarine6"		"#asw_select_marine_6"
"+selectmarine7"		"#asw_select_marine_7"
"+selectmarine8"		"#asw_select_marine_8"
"blank"			"=========================="
"blank"			"#Valve_Miscellaneous_Title"
"blank"			"=========================="
"jpeg"					"#Valve_Take_Screen_Shot"
"pause"					"#Valve_Pause_Game"
"quit"					"#Valve_Quit_Game"
"toggleconsole"			"#asw_toggle_console"
